[0.000000] (-) TimerEvent: {}
[0.000610] (cpp_pubsub) JobQueued: {'identifier': 'cpp_pubsub', 'dependencies': OrderedDict()}
[0.003185] (cpp_pubsub) JobStarted: {'identifier': 'cpp_pubsub'}
[0.036294] (cpp_pubsub) JobProgress: {'identifier': 'cpp_pubsub', 'progress': 'cmake'}
[0.040946] (cpp_pubsub) Command: {'cmd': ['/usr/bin/cmake', '/home/jacob/MTRN4231/lab1_workspace/src/cpp_pubsub', '-DCMAKE_INSTALL_PREFIX=/home/jacob/MTRN4231/lab1_workspace/install/cpp_pubsub'], 'cwd': '/home/jacob/MTRN4231/lab1_workspace/build/cpp_pubsub', 'env': OrderedDict([('USER', 'jacob'), ('GIT_ASKPASS', '/home/jacob/.vscode-server/bin/360a4e4fd251bfce169a4ddf857c7d25d1ad40da/extensions/git/dist/askpass.sh'), ('SHLVL', '1'), ('LD_LIBRARY_PATH', '/opt/ros/humble/opt/rviz_ogre_vendor/lib:/opt/ros/humble/lib/x86_64-linux-gnu:/opt/ros/humble/lib'), ('HOME', '/home/jacob'), ('OLDPWD', '/home/jacob/MTRN4231/lab1_workspace/src'), ('LESS', '-R'), ('NVM_BIN', '/home/jacob/.nvm/versions/node/v22.12.0/bin'), ('TERM_PROGRAM_VERSION', '1.103.1'), ('VSCODE_IPC_HOOK_CLI', '/mnt/wslg/runtime-dir/vscode-ipc-60c49cd4-b315-444c-ac4a-99a88db246c4.sock'), ('ZSH', '/home/jacob/.oh-my-zsh'), ('LSCOLORS', 'Gxfxcxdxbxegedabagacad'), ('NVM_INC', '/home/jacob/.nvm/versions/node/v22.12.0/include/node'), ('PAGER', 'less'), ('VSCODE_GIT_ASKPASS_MAIN', '/home/jacob/.vscode-server/bin/360a4e4fd251bfce169a4ddf857c7d25d1ad40da/extensions/git/dist/askpass-main.js'), ('ROS_PYTHON_VERSION', '3'), ('VSCODE_GIT_ASKPASS_NODE', '/home/jacob/.vscode-server/bin/360a4e4fd251bfce169a4ddf857c7d25d1ad40da/node'), ('P9K_TTY', 'old'), ('WSL_DISTRO_NAME', 'Ubuntu'), ('COLORTERM', 'truecolor'), ('NVM_DIR', '/home/jacob/.nvm'), ('WAYLAND_DISPLAY', 'wayland-0'), ('ROS_DISTRO', 'humble'), ('LOGNAME', 'jacob'), ('PULSE_SERVER', 'unix:/mnt/wslg/PulseServer'), ('WSL_INTEROP', '/run/WSL/14341_interop'), ('NAME', 'DESKTOP-56599R6'), ('_', '/usr/bin/colcon'), ('_P9K_SSH_TTY', '/dev/pts/4'), ('USER_ZDOTDIR', '/home/jacob'), ('ROS_VERSION', '2'), ('TERM', 'xterm-256color'), ('ROS_LOCALHOST_ONLY', '0'), ('PATH', '/opt/ros/humble/bin:/home/jacob/.vscode-server/bin/360a4e4fd251bfce169a4ddf857c7d25d1ad40da/bin/remote-cli:/home/jacob/.nvm/versions/node/v22.12.0/bin:/usr/local/sbin:/usr/local/bin:/usr/sbin:/usr/bin:/sbin:/bin:/usr/games:/usr/local/games:/usr/lib/wsl/lib:/mnt/c/Program Files (x86)/Common Files/Oracle/Java/javapath:/mnt/c/Program Files (x86)/NVIDIA Corporation/PhysX/Common:/mnt/c/WINDOWS/system32:/mnt/c/WINDOWS:/mnt/c/WINDOWS/System32/Wbem:/mnt/c/WINDOWS/System32/WindowsPowerShell/v1.0/:/mnt/c/WINDOWS/System32/OpenSSH/:/mnt/c/Program Files/MATLAB/R2024a/bin:/mnt/c/Program Files/MATLAB/R2022b/bin:/mnt/c/Program Files/Microsoft SQL Server/Client SDK/ODBC/170/Tools/Binn/:/mnt/c/Program Files (x86)/Microsoft SQL Server/150/Tools/Binn/:/mnt/c/Program Files/Microsoft SQL Server/150/Tools/Binn/:/mnt/c/Program Files/Microsoft SQL Server/150/DTS/Binn/:/mnt/c/Program Files (x86)/Windows Kits/8.1/Windows Performance Toolkit/:/mnt/c/Program Files/dotnet/:/mnt/c/Program Files (x86)/Windows Kits/10/Windows Performance Toolkit/:/mnt/c/Program Files/Git/cmd:/mnt/c/Program Files/Docker/Docker/resources/bin:/mnt/c/Users/jacob/AppData/Local/Microsoft/WindowsApps:/mnt/c/Users/jacob/AppData/Local/Programs/Microsoft VS Code/bin:/mnt/c/Users/jacob/.dotnet/tools:/mnt/c/Users/jacob/AppData/Local/GitHubDesktop/bin:/mnt/c/opencv/build/x64/vc16/bin:/mnt/c/Program Files/mongosh/:/opt/gradle/gradle-7.2/bin:/usr/local/bin/chromedriver-linux64/:/opt/gradle/gradle-7.2/bin:/usr/local/bin/chromedriver-linux64/'), ('XDG_RUNTIME_DIR', '/mnt/wslg/runtime-dir'), ('DISPLAY', ':0'), ('LANG', 'C.UTF-8'), ('VSCODE_INJECTION', '1'), ('LS_COLORS', 'rs=0:di=01;34:ln=01;36:mh=00:pi=40;33:so=01;35:do=01;35:bd=40;33;01:cd=40;33;01:or=40;31;01:mi=00:su=37;41:sg=30;43:ca=30;41:tw=30;42:ow=34;42:st=37;44:ex=01;32:*.tar=01;31:*.tgz=01;31:*.arc=01;31:*.arj=01;31:*.taz=01;31:*.lha=01;31:*.lz4=01;31:*.lzh=01;31:*.lzma=01;31:*.tlz=01;31:*.txz=01;31:*.tzo=01;31:*.t7z=01;31:*.zip=01;31:*.z=01;31:*.dz=01;31:*.gz=01;31:*.lrz=01;31:*.lz=01;31:*.lzo=01;31:*.xz=01;31:*.zst=01;31:*.tzst=01;31:*.bz2=01;31:*.bz=01;31:*.tbz=01;31:*.tbz2=01;31:*.tz=01;31:*.deb=01;31:*.rpm=01;31:*.jar=01;31:*.war=01;31:*.ear=01;31:*.sar=01;31:*.rar=01;31:*.alz=01;31:*.ace=01;31:*.zoo=01;31:*.cpio=01;31:*.7z=01;31:*.rz=01;31:*.cab=01;31:*.wim=01;31:*.swm=01;31:*.dwm=01;31:*.esd=01;31:*.jpg=01;35:*.jpeg=01;35:*.mjpg=01;35:*.mjpeg=01;35:*.gif=01;35:*.bmp=01;35:*.pbm=01;35:*.pgm=01;35:*.ppm=01;35:*.tga=01;35:*.xbm=01;35:*.xpm=01;35:*.tif=01;35:*.tiff=01;35:*.png=01;35:*.svg=01;35:*.svgz=01;35:*.mng=01;35:*.pcx=01;35:*.mov=01;35:*.mpg=01;35:*.mpeg=01;35:*.m2v=01;35:*.mkv=01;35:*.webm=01;35:*.webp=01;35:*.ogm=01;35:*.mp4=01;35:*.m4v=01;35:*.mp4v=01;35:*.vob=01;35:*.qt=01;35:*.nuv=01;35:*.wmv=01;35:*.asf=01;35:*.rm=01;35:*.rmvb=01;35:*.flc=01;35:*.avi=01;35:*.fli=01;35:*.flv=01;35:*.gl=01;35:*.dl=01;35:*.xcf=01;35:*.xwd=01;35:*.yuv=01;35:*.cgm=01;35:*.emf=01;35:*.ogv=01;35:*.ogx=01;35:*.aac=00;36:*.au=00;36:*.flac=00;36:*.m4a=00;36:*.mid=00;36:*.midi=00;36:*.mka=00;36:*.mp3=00;36:*.mpc=00;36:*.ogg=00;36:*.ra=00;36:*.wav=00;36:*.oga=00;36:*.opus=00;36:*.spx=00;36:*.xspf=00;36:'), ('TERM_PROGRAM', 'vscode'), ('VSCODE_GIT_IPC_HANDLE', '/mnt/wslg/runtime-dir/vscode-git-97674d4e04.sock'), ('AMENT_PREFIX_PATH', '/opt/ros/humble'), ('SHELL', '/usr/bin/zsh'), ('P9K_SSH', '0'), ('VSCODE_GIT_ASKPASS_EXTRA_ARGS', ''), ('VSCODE_NONCE', '747e3186-6397-43ca-ad58-8905b8579015'), ('PWD', '/home/jacob/MTRN4231/lab1_workspace/build/cpp_pubsub'), ('NVM_CD_FLAGS', '-q'), ('ZDOTDIR', '/home/jacob'), ('_P9K_TTY', '/dev/pts/4'), ('PYTHONPATH', '/opt/ros/humble/lib/python3.10/site-packages:/opt/ros/humble/local/lib/python3.10/dist-packages'), ('COLCON', '1'), ('HOSTTYPE', 'x86_64'), ('WSL2_GUI_APPS_ENABLED', '1'), ('WSLENV', 'VSCODE_WSL_EXT_LOCATION/up')]), 'shell': False}
[0.098914] (-) TimerEvent: {}
[0.199655] (-) TimerEvent: {}
[0.300326] (-) TimerEvent: {}
[0.401001] (-) TimerEvent: {}
[0.501576] (-) TimerEvent: {}
[0.602303] (-) TimerEvent: {}
[0.699057] (cpp_pubsub) StdoutLine: {'line': b'-- The C compiler identification is GNU 11.4.0\n'}
[0.702448] (-) TimerEvent: {}
[0.802996] (-) TimerEvent: {}
[0.903481] (-) TimerEvent: {}
[1.004012] (-) TimerEvent: {}
[1.104677] (-) TimerEvent: {}
[1.205250] (-) TimerEvent: {}
[1.305856] (-) TimerEvent: {}
[1.406612] (-) TimerEvent: {}
[1.507117] (-) TimerEvent: {}
[1.607551] (-) TimerEvent: {}
[1.708123] (-) TimerEvent: {}
[1.809107] (-) TimerEvent: {}
[1.910758] (-) TimerEvent: {}
[2.011554] (-) TimerEvent: {}
[2.112067] (-) TimerEvent: {}
[2.212563] (-) TimerEvent: {}
[2.313135] (-) TimerEvent: {}
[2.413979] (-) TimerEvent: {}
[2.494179] (cpp_pubsub) StdoutLine: {'line': b'-- The CXX compiler identification is GNU 11.4.0\n'}
[2.514262] (-) TimerEvent: {}
[2.614925] (-) TimerEvent: {}
[2.715643] (-) TimerEvent: {}
[2.816896] (-) TimerEvent: {}
[2.918230] (-) TimerEvent: {}
[3.018773] (-) TimerEvent: {}
[3.119264] (-) TimerEvent: {}
[3.219703] (-) TimerEvent: {}
[3.320367] (-) TimerEvent: {}
[3.420873] (-) TimerEvent: {}
[3.521373] (-) TimerEvent: {}
[3.621812] (-) TimerEvent: {}
[3.722466] (-) TimerEvent: {}
[3.823960] (-) TimerEvent: {}
[3.860338] (cpp_pubsub) StdoutLine: {'line': b'-- Detecting C compiler ABI info\n'}
[3.924184] (-) TimerEvent: {}
[4.024793] (-) TimerEvent: {}
[4.126291] (-) TimerEvent: {}
[4.227655] (-) TimerEvent: {}
[4.328225] (-) TimerEvent: {}
[4.386559] (cpp_pubsub) StdoutLine: {'line': b'-- Detecting C compiler ABI info - done\n'}
[4.406003] (cpp_pubsub) StdoutLine: {'line': b'-- Check for working C compiler: /usr/bin/cc - skipped\n'}
[4.406572] (cpp_pubsub) StdoutLine: {'line': b'-- Detecting C compile features\n'}
[4.409747] (cpp_pubsub) StdoutLine: {'line': b'-- Detecting C compile features - done\n'}
[4.420483] (cpp_pubsub) StdoutLine: {'line': b'-- Detecting CXX compiler ABI info\n'}
[4.428410] (-) TimerEvent: {}
[4.529048] (-) TimerEvent: {}
[4.629876] (-) TimerEvent: {}
[4.730569] (-) TimerEvent: {}
[4.831289] (-) TimerEvent: {}
[4.903500] (cpp_pubsub) StdoutLine: {'line': b'-- Detecting CXX compiler ABI info - done\n'}
[4.913609] (cpp_pubsub) StdoutLine: {'line': b'-- Check for working CXX compiler: /usr/bin/c++ - skipped\n'}
[4.914432] (cpp_pubsub) StdoutLine: {'line': b'-- Detecting CXX compile features\n'}
[4.915019] (cpp_pubsub) StdoutLine: {'line': b'-- Detecting CXX compile features - done\n'}
[4.931678] (-) TimerEvent: {}
[4.940301] (cpp_pubsub) StdoutLine: {'line': b'-- Found ament_cmake: 1.3.12 (/opt/ros/humble/share/ament_cmake/cmake)\n'}
[5.031830] (-) TimerEvent: {}
[5.132421] (-) TimerEvent: {}
[5.232885] (-) TimerEvent: {}
[5.333422] (-) TimerEvent: {}
[5.356316] (cpp_pubsub) StdoutLine: {'line': b'-- Found Python3: /usr/bin/python3 (found version "3.10.12") found components: Interpreter \n'}
[5.433611] (-) TimerEvent: {}
[5.534121] (-) TimerEvent: {}
[5.634576] (-) TimerEvent: {}
[5.648196] (cpp_pubsub) StdoutLine: {'line': b'-- Found rclcpp: 16.0.14 (/opt/ros/humble/share/rclcpp/cmake)\n'}
[5.734850] (-) TimerEvent: {}
[5.835364] (-) TimerEvent: {}
[5.936101] (-) TimerEvent: {}
[6.036586] (-) TimerEvent: {}
[6.137071] (-) TimerEvent: {}
[6.237518] (-) TimerEvent: {}
[6.287145] (cpp_pubsub) StdoutLine: {'line': b'-- Found rosidl_generator_c: 3.1.7 (/opt/ros/humble/share/rosidl_generator_c/cmake)\n'}
[6.302209] (cpp_pubsub) StdoutLine: {'line': b'-- Found rosidl_adapter: 3.1.7 (/opt/ros/humble/share/rosidl_adapter/cmake)\n'}
[6.331347] (cpp_pubsub) StdoutLine: {'line': b'-- Found rosidl_generator_cpp: 3.1.7 (/opt/ros/humble/share/rosidl_generator_cpp/cmake)\n'}
[6.337715] (-) TimerEvent: {}
[6.381987] (cpp_pubsub) StdoutLine: {'line': b'-- Using all available rosidl_typesupport_c: rosidl_typesupport_fastrtps_c;rosidl_typesupport_introspection_c\n'}
[6.437954] (-) TimerEvent: {}
[6.446483] (cpp_pubsub) StdoutLine: {'line': b'-- Using all available rosidl_typesupport_cpp: rosidl_typesupport_fastrtps_cpp;rosidl_typesupport_introspection_cpp\n'}
[6.538160] (-) TimerEvent: {}
[6.638523] (-) TimerEvent: {}
[6.738970] (-) TimerEvent: {}
[6.772530] (cpp_pubsub) StdoutLine: {'line': b'-- Found rmw_implementation_cmake: 6.1.2 (/opt/ros/humble/share/rmw_implementation_cmake/cmake)\n'}
[6.785073] (cpp_pubsub) StdoutLine: {'line': b'-- Found rmw_fastrtps_cpp: 6.2.8 (/opt/ros/humble/share/rmw_fastrtps_cpp/cmake)\n'}
[6.839155] (-) TimerEvent: {}
[6.939697] (-) TimerEvent: {}
[7.040437] (-) TimerEvent: {}
[7.141055] (-) TimerEvent: {}
[7.241588] (-) TimerEvent: {}
[7.342075] (-) TimerEvent: {}
[7.442689] (-) TimerEvent: {}
[7.543252] (-) TimerEvent: {}
[7.643935] (-) TimerEvent: {}
[7.744745] (-) TimerEvent: {}
[7.845364] (-) TimerEvent: {}
[7.946745] (-) TimerEvent: {}
[8.049222] (-) TimerEvent: {}
[8.150521] (-) TimerEvent: {}
[8.251578] (-) TimerEvent: {}
[8.352215] (-) TimerEvent: {}
[8.453616] (-) TimerEvent: {}
[8.554963] (-) TimerEvent: {}
[8.655537] (-) TimerEvent: {}
[8.756031] (-) TimerEvent: {}
[8.856544] (-) TimerEvent: {}
[8.957233] (-) TimerEvent: {}
[9.057833] (-) TimerEvent: {}
[9.158336] (-) TimerEvent: {}
[9.258860] (-) TimerEvent: {}
[9.359377] (-) TimerEvent: {}
[9.460358] (-) TimerEvent: {}
[9.560783] (-) TimerEvent: {}
[9.661393] (-) TimerEvent: {}
[9.761918] (-) TimerEvent: {}
[9.862438] (-) TimerEvent: {}
[9.963090] (-) TimerEvent: {}
[10.063856] (-) TimerEvent: {}
[10.164898] (-) TimerEvent: {}
[10.265505] (-) TimerEvent: {}
[10.366194] (-) TimerEvent: {}
[10.467563] (-) TimerEvent: {}
[10.568208] (-) TimerEvent: {}
[10.668602] (-) TimerEvent: {}
[10.769078] (-) TimerEvent: {}
[10.870113] (-) TimerEvent: {}
[10.970811] (-) TimerEvent: {}
[11.071269] (-) TimerEvent: {}
[11.171826] (-) TimerEvent: {}
[11.211164] (cpp_pubsub) StdoutLine: {'line': b'-- Found OpenSSL: /usr/lib/x86_64-linux-gnu/libcrypto.so (found version "3.0.2")  \n'}
[11.271967] (-) TimerEvent: {}
[11.372443] (-) TimerEvent: {}
[11.473081] (-) TimerEvent: {}
[11.573559] (-) TimerEvent: {}
[11.674078] (-) TimerEvent: {}
[11.774649] (-) TimerEvent: {}
[11.875092] (-) TimerEvent: {}
[11.975588] (-) TimerEvent: {}
[12.076543] (-) TimerEvent: {}
[12.178259] (-) TimerEvent: {}
[12.278809] (-) TimerEvent: {}
[12.379321] (-) TimerEvent: {}
[12.479879] (-) TimerEvent: {}
[12.580351] (-) TimerEvent: {}
[12.681581] (-) TimerEvent: {}
[12.784496] (-) TimerEvent: {}
[12.885348] (-) TimerEvent: {}
[12.986175] (-) TimerEvent: {}
[13.086883] (-) TimerEvent: {}
[13.187317] (-) TimerEvent: {}
[13.287786] (-) TimerEvent: {}
[13.393893] (-) TimerEvent: {}
[13.497147] (-) TimerEvent: {}
[13.598416] (-) TimerEvent: {}
[13.699601] (-) TimerEvent: {}
[13.801058] (-) TimerEvent: {}
[13.902243] (-) TimerEvent: {}
[14.002927] (-) TimerEvent: {}
[14.103542] (-) TimerEvent: {}
[14.204085] (-) TimerEvent: {}
[14.304607] (-) TimerEvent: {}
[14.405056] (-) TimerEvent: {}
[14.505663] (-) TimerEvent: {}
[14.607185] (-) TimerEvent: {}
[14.707768] (-) TimerEvent: {}
[14.808230] (-) TimerEvent: {}
[14.908795] (-) TimerEvent: {}
[15.009383] (-) TimerEvent: {}
[15.109840] (-) TimerEvent: {}
[15.210310] (-) TimerEvent: {}
[15.310931] (-) TimerEvent: {}
[15.411531] (-) TimerEvent: {}
[15.512180] (-) TimerEvent: {}
[15.612614] (-) TimerEvent: {}
[15.623624] (cpp_pubsub) StdoutLine: {'line': b'-- Found FastRTPS: /opt/ros/humble/include  \n'}
[15.712920] (-) TimerEvent: {}
[15.813380] (-) TimerEvent: {}
[15.913829] (-) TimerEvent: {}
[16.014877] (-) TimerEvent: {}
[16.115606] (-) TimerEvent: {}
[16.216136] (-) TimerEvent: {}
[16.316889] (-) TimerEvent: {}
[16.417542] (-) TimerEvent: {}
[16.518075] (-) TimerEvent: {}
[16.618914] (-) TimerEvent: {}
[16.719772] (-) TimerEvent: {}
[16.820373] (-) TimerEvent: {}
[16.920997] (-) TimerEvent: {}
[17.021579] (-) TimerEvent: {}
[17.122080] (-) TimerEvent: {}
[17.223355] (-) TimerEvent: {}
[17.325619] (-) TimerEvent: {}
[17.426974] (-) TimerEvent: {}
[17.527570] (-) TimerEvent: {}
[17.628189] (-) TimerEvent: {}
[17.728745] (-) TimerEvent: {}
[17.829474] (-) TimerEvent: {}
[17.929963] (-) TimerEvent: {}
[18.030463] (-) TimerEvent: {}
[18.131011] (-) TimerEvent: {}
[18.232260] (-) TimerEvent: {}
[18.334312] (-) TimerEvent: {}
[18.434870] (-) TimerEvent: {}
[18.535503] (-) TimerEvent: {}
[18.636005] (-) TimerEvent: {}
[18.736442] (-) TimerEvent: {}
[18.837064] (-) TimerEvent: {}
[18.937658] (-) TimerEvent: {}
[19.038151] (-) TimerEvent: {}
[19.138575] (-) TimerEvent: {}
[19.239049] (-) TimerEvent: {}
[19.339731] (-) TimerEvent: {}
[19.440158] (-) TimerEvent: {}
[19.540692] (-) TimerEvent: {}
[19.641120] (-) TimerEvent: {}
[19.741631] (-) TimerEvent: {}
[19.842201] (-) TimerEvent: {}
[19.942784] (-) TimerEvent: {}
[20.043352] (-) TimerEvent: {}
[20.144066] (-) TimerEvent: {}
[20.244752] (-) TimerEvent: {}
[20.345243] (-) TimerEvent: {}
[20.445681] (-) TimerEvent: {}
[20.546172] (-) TimerEvent: {}
[20.646671] (-) TimerEvent: {}
[20.747994] (-) TimerEvent: {}
[20.849037] (-) TimerEvent: {}
[20.950120] (-) TimerEvent: {}
[21.050916] (-) TimerEvent: {}
[21.151516] (-) TimerEvent: {}
[21.252311] (-) TimerEvent: {}
[21.355112] (-) TimerEvent: {}
[21.455881] (-) TimerEvent: {}
[21.556479] (-) TimerEvent: {}
[21.657009] (-) TimerEvent: {}
[21.757453] (-) TimerEvent: {}
[21.858104] (-) TimerEvent: {}
[21.958655] (-) TimerEvent: {}
[22.059225] (-) TimerEvent: {}
[22.159666] (-) TimerEvent: {}
[22.260287] (-) TimerEvent: {}
[22.360812] (-) TimerEvent: {}
[22.461400] (-) TimerEvent: {}
[22.561935] (-) TimerEvent: {}
[22.662498] (-) TimerEvent: {}
[22.763036] (-) TimerEvent: {}
[22.863737] (-) TimerEvent: {}
[22.964215] (-) TimerEvent: {}
[23.064826] (-) TimerEvent: {}
[23.165611] (-) TimerEvent: {}
[23.266402] (-) TimerEvent: {}
[23.366989] (-) TimerEvent: {}
[23.467568] (-) TimerEvent: {}
[23.568007] (-) TimerEvent: {}
[23.668589] (-) TimerEvent: {}
[23.769142] (-) TimerEvent: {}
[23.869680] (-) TimerEvent: {}
[23.970130] (-) TimerEvent: {}
[24.070779] (-) TimerEvent: {}
[24.171386] (-) TimerEvent: {}
[24.271975] (-) TimerEvent: {}
[24.372541] (-) TimerEvent: {}
[24.473192] (-) TimerEvent: {}
[24.573793] (-) TimerEvent: {}
[24.674326] (-) TimerEvent: {}
[24.774872] (-) TimerEvent: {}
[24.875492] (-) TimerEvent: {}
[24.975968] (-) TimerEvent: {}
[25.075722] (cpp_pubsub) StdoutLine: {'line': b"-- Using RMW implementation 'rmw_fastrtps_cpp' as default\n"}
[25.075989] (-) TimerEvent: {}
[25.139084] (cpp_pubsub) StdoutLine: {'line': b'-- Looking for pthread.h\n'}
[25.176229] (-) TimerEvent: {}
[25.276698] (-) TimerEvent: {}
[25.377204] (-) TimerEvent: {}
[25.477701] (-) TimerEvent: {}
[25.578246] (-) TimerEvent: {}
[25.678659] (-) TimerEvent: {}
[25.728332] (cpp_pubsub) StdoutLine: {'line': b'-- Looking for pthread.h - found\n'}
[25.729581] (cpp_pubsub) StdoutLine: {'line': b'-- Performing Test CMAKE_HAVE_LIBC_PTHREAD\n'}
[25.778817] (-) TimerEvent: {}
[25.879321] (-) TimerEvent: {}
[25.980115] (-) TimerEvent: {}
[26.080685] (-) TimerEvent: {}
[26.162343] (cpp_pubsub) StdoutLine: {'line': b'-- Performing Test CMAKE_HAVE_LIBC_PTHREAD - Success\n'}
[26.164046] (cpp_pubsub) StdoutLine: {'line': b'-- Found Threads: TRUE  \n'}
[26.180929] (-) TimerEvent: {}
[26.281605] (-) TimerEvent: {}
[26.366415] (cpp_pubsub) StdoutLine: {'line': b'-- Found ament_lint_auto: 0.12.14 (/opt/ros/humble/share/ament_lint_auto/cmake)\n'}
[26.381777] (-) TimerEvent: {}
[26.459989] (cpp_pubsub) StderrLine: {'line': b"Error parsing '/home/jacob/MTRN4231/lab1_workspace/src/cpp_pubsub/package.xml':\n"}
[26.482065] (-) TimerEvent: {}
[26.582666] (-) TimerEvent: {}
[26.642214] (cpp_pubsub) StderrLine: {'line': b'Traceback (most recent call last):\n'}
[26.642425] (cpp_pubsub) StderrLine: {'line': b'  File "/usr/lib/python3/dist-packages/catkin_pkg/package.py", line 610, in parse_package_string\n'}
[26.643866] (cpp_pubsub) StderrLine: {'line': b'    root = dom.parseString(data)\n'}
[26.644091] (cpp_pubsub) StderrLine: {'line': b'  File "/usr/lib/python3.10/xml/dom/minidom.py", line 2000, in parseString\n'}
[26.646610] (cpp_pubsub) StderrLine: {'line': b'    return expatbuilder.parseString(string)\n'}
[26.647032] (cpp_pubsub) StderrLine: {'line': b'  File "/usr/lib/python3.10/xml/dom/expatbuilder.py", line 925, in parseString\n'}
[26.648191] (cpp_pubsub) StderrLine: {'line': b'    return builder.parseString(string)\n'}
[26.648926] (cpp_pubsub) StderrLine: {'line': b'  File "/usr/lib/python3.10/xml/dom/expatbuilder.py", line 223, in parseString\n'}
[26.649156] (cpp_pubsub) StderrLine: {'line': b'    parser.Parse(string, True)\n'}
[26.649353] (cpp_pubsub) StderrLine: {'line': b'xml.parsers.expat.ExpatError: mismatched tag: line 17, column 20\n'}
[26.649704] (cpp_pubsub) StderrLine: {'line': b'\n'}
[26.649812] (cpp_pubsub) StderrLine: {'line': b'During handling of the above exception, another exception occurred:\n'}
[26.649895] (cpp_pubsub) StderrLine: {'line': b'\n'}
[26.649971] (cpp_pubsub) StderrLine: {'line': b'Traceback (most recent call last):\n'}
[26.650045] (cpp_pubsub) StderrLine: {'line': b'  File "/opt/ros/humble/share/ament_cmake_core/cmake/core/package_xml_2_cmake.py", line 150, in <module>\n'}
[26.650119] (cpp_pubsub) StderrLine: {'line': b'    main()\n'}
[26.650191] (cpp_pubsub) StderrLine: {'line': b'  File "/opt/ros/humble/share/ament_cmake_core/cmake/core/package_xml_2_cmake.py", line 53, in main\n'}
[26.650269] (cpp_pubsub) StderrLine: {'line': b'    raise e\n'}
[26.650369] (cpp_pubsub) StderrLine: {'line': b'  File "/opt/ros/humble/share/ament_cmake_core/cmake/core/package_xml_2_cmake.py", line 49, in main\n'}
[26.650552] (cpp_pubsub) StderrLine: {'line': b'    package = parse_package_string(\n'}
[26.650649] (cpp_pubsub) StderrLine: {'line': b'  File "/usr/lib/python3/dist-packages/catkin_pkg/package.py", line 612, in parse_package_string\n'}
[26.650724] (cpp_pubsub) StderrLine: {'line': b"    raise InvalidPackage('The manifest contains invalid XML:\\n%s' % ex, filename)\n"}
[26.650799] (cpp_pubsub) StderrLine: {'line': b"catkin_pkg.package.InvalidPackage: Error(s) in package '/home/jacob/MTRN4231/lab1_workspace/src/cpp_pubsub/package.xml':\n"}
[26.650902] (cpp_pubsub) StderrLine: {'line': b'The manifest contains invalid XML:\n'}
[26.650989] (cpp_pubsub) StderrLine: {'line': b'mismatched tag: line 17, column 20\n'}
[26.678733] (cpp_pubsub) StderrLine: {'line': b'\x1b[31mCMake Error at /opt/ros/humble/share/ament_cmake_core/cmake/core/ament_package_xml.cmake:95 (message):\n'}
[26.679085] (cpp_pubsub) StderrLine: {'line': b'  execute_process(/usr/bin/python3\n'}
[26.679358] (cpp_pubsub) StderrLine: {'line': b'  /opt/ros/humble/share/ament_cmake_core/cmake/core/package_xml_2_cmake.py\n'}
[26.679636] (cpp_pubsub) StderrLine: {'line': b'  /home/jacob/MTRN4231/lab1_workspace/src/cpp_pubsub/package.xml\n'}
[26.680057] (cpp_pubsub) StderrLine: {'line': b'  /home/jacob/MTRN4231/lab1_workspace/build/cpp_pubsub/ament_cmake_core/package.cmake)\n'}
[26.680330] (cpp_pubsub) StderrLine: {'line': b'  returned error code 1\n'}
[26.680742] (cpp_pubsub) StderrLine: {'line': b'Call Stack (most recent call first):\n'}
[26.680902] (cpp_pubsub) StderrLine: {'line': b'  /opt/ros/humble/share/ament_cmake_core/cmake/core/ament_package_xml.cmake:49 (_ament_package_xml)\n'}
[26.681095] (cpp_pubsub) StderrLine: {'line': b'  /opt/ros/humble/share/ament_lint_auto/cmake/ament_lint_auto_find_test_dependencies.cmake:31 (ament_package_xml)\n'}
[26.681185] (cpp_pubsub) StderrLine: {'line': b'  CMakeLists.txt:31 (ament_lint_auto_find_test_dependencies)\n'}
[26.681292] (cpp_pubsub) StderrLine: {'line': b'\n'}
[26.681379] (cpp_pubsub) StderrLine: {'line': b'\x1b[0m\n'}
[26.681521] (cpp_pubsub) StdoutLine: {'line': b'-- Configuring incomplete, errors occurred!\n'}
[26.681626] (cpp_pubsub) StdoutLine: {'line': b'See also "/home/jacob/MTRN4231/lab1_workspace/build/cpp_pubsub/CMakeFiles/CMakeOutput.log".\n'}
[26.682839] (-) TimerEvent: {}
[26.701618] (cpp_pubsub) CommandEnded: {'returncode': 1}
[26.703558] (cpp_pubsub) JobEnded: {'identifier': 'cpp_pubsub', 'rc': 1}
[26.723158] (-) EventReactorShutdown: {}
