[0.040s] Invoking command in '/home/jacob/MTRN4231/lab1_workspace/build/cpp_pubsub': /usr/bin/cmake /home/jacob/MTRN4231/lab1_workspace/src/cpp_pubsub -DCMAKE_INSTALL_PREFIX=/home/jacob/MTRN4231/lab1_workspace/install/cpp_pubsub
[0.696s] -- The C compiler identification is GNU 11.4.0
[2.491s] -- The CXX compiler identification is GNU 11.4.0
[3.857s] -- Detecting C compiler ABI info
[4.384s] -- Detecting C compiler ABI info - done
[4.403s] -- Check for working C compiler: /usr/bin/cc - skipped
[4.403s] -- Detecting C compile features
[4.407s] -- Detecting C compile features - done
[4.417s] -- Detecting CXX compiler ABI info
[4.900s] -- Detecting CXX compiler ABI info - done
[4.911s] -- Check for working CXX compiler: /usr/bin/c++ - skipped
[4.911s] -- Detecting CXX compile features
[4.912s] -- Detecting CXX compile features - done
[4.937s] -- Found ament_cmake: 1.3.12 (/opt/ros/humble/share/ament_cmake/cmake)
[5.353s] -- Found Python3: /usr/bin/python3 (found version "3.10.12") found components: Interpreter 
[5.645s] -- Found rclcpp: 16.0.14 (/opt/ros/humble/share/rclcpp/cmake)
[6.284s] -- Found rosidl_generator_c: 3.1.7 (/opt/ros/humble/share/rosidl_generator_c/cmake)
[6.299s] -- Found rosidl_adapter: 3.1.7 (/opt/ros/humble/share/rosidl_adapter/cmake)
[6.329s] -- Found rosidl_generator_cpp: 3.1.7 (/opt/ros/humble/share/rosidl_generator_cpp/cmake)
[6.379s] -- Using all available rosidl_typesupport_c: rosidl_typesupport_fastrtps_c;rosidl_typesupport_introspection_c
[6.444s] -- Using all available rosidl_typesupport_cpp: rosidl_typesupport_fastrtps_cpp;rosidl_typesupport_introspection_cpp
[6.769s] -- Found rmw_implementation_cmake: 6.1.2 (/opt/ros/humble/share/rmw_implementation_cmake/cmake)
[6.782s] -- Found rmw_fastrtps_cpp: 6.2.8 (/opt/ros/humble/share/rmw_fastrtps_cpp/cmake)
[11.208s] -- Found OpenSSL: /usr/lib/x86_64-linux-gnu/libcrypto.so (found version "3.0.2")  
[15.621s] -- Found FastRTPS: /opt/ros/humble/include  
[25.073s] -- Using RMW implementation 'rmw_fastrtps_cpp' as default
[25.136s] -- Looking for pthread.h
[25.725s] -- Looking for pthread.h - found
[25.726s] -- Performing Test CMAKE_HAVE_LIBC_PTHREAD
[26.159s] -- Performing Test CMAKE_HAVE_LIBC_PTHREAD - Success
[26.161s] -- Found Threads: TRUE  
[26.363s] -- Found ament_lint_auto: 0.12.14 (/opt/ros/humble/share/ament_lint_auto/cmake)
[26.457s] Error parsing '/home/jacob/MTRN4231/lab1_workspace/src/cpp_pubsub/package.xml':
[26.639s] Traceback (most recent call last):
[26.639s]   File "/usr/lib/python3/dist-packages/catkin_pkg/package.py", line 610, in parse_package_string
[26.641s]     root = dom.parseString(data)
[26.641s]   File "/usr/lib/python3.10/xml/dom/minidom.py", line 2000, in parseString
[26.644s]     return expatbuilder.parseString(string)
[26.644s]   File "/usr/lib/python3.10/xml/dom/expatbuilder.py", line 925, in parseString
[26.645s]     return builder.parseString(string)
[26.646s]   File "/usr/lib/python3.10/xml/dom/expatbuilder.py", line 223, in parseString
[26.646s]     parser.Parse(string, True)
[26.646s] xml.parsers.expat.ExpatError: mismatched tag: line 17, column 20
[26.647s] 
[26.647s] During handling of the above exception, another exception occurred:
[26.647s] 
[26.647s] Traceback (most recent call last):
[26.647s]   File "/opt/ros/humble/share/ament_cmake_core/cmake/core/package_xml_2_cmake.py", line 150, in <module>
[26.647s]     main()
[26.647s]   File "/opt/ros/humble/share/ament_cmake_core/cmake/core/package_xml_2_cmake.py", line 53, in main
[26.647s]     raise e
[26.647s]   File "/opt/ros/humble/share/ament_cmake_core/cmake/core/package_xml_2_cmake.py", line 49, in main
[26.647s]     package = parse_package_string(
[26.647s]   File "/usr/lib/python3/dist-packages/catkin_pkg/package.py", line 612, in parse_package_string
[26.648s]     raise InvalidPackage('The manifest contains invalid XML:\n%s' % ex, filename)
[26.648s] catkin_pkg.package.InvalidPackage: Error(s) in package '/home/jacob/MTRN4231/lab1_workspace/src/cpp_pubsub/package.xml':
[26.648s] The manifest contains invalid XML:
[26.648s] mismatched tag: line 17, column 20
[26.676s] [31mCMake Error at /opt/ros/humble/share/ament_cmake_core/cmake/core/ament_package_xml.cmake:95 (message):
[26.676s]   execute_process(/usr/bin/python3
[26.676s]   /opt/ros/humble/share/ament_cmake_core/cmake/core/package_xml_2_cmake.py
[26.677s]   /home/jacob/MTRN4231/lab1_workspace/src/cpp_pubsub/package.xml
[26.677s]   /home/jacob/MTRN4231/lab1_workspace/build/cpp_pubsub/ament_cmake_core/package.cmake)
[26.677s]   returned error code 1
[26.678s] Call Stack (most recent call first):
[26.678s]   /opt/ros/humble/share/ament_cmake_core/cmake/core/ament_package_xml.cmake:49 (_ament_package_xml)
[26.678s]   /opt/ros/humble/share/ament_lint_auto/cmake/ament_lint_auto_find_test_dependencies.cmake:31 (ament_package_xml)
[26.678s]   CMakeLists.txt:31 (ament_lint_auto_find_test_dependencies)
[26.678s] 
[26.678s] [0m
[26.678s] -- Configuring incomplete, errors occurred!
[26.678s] See also "/home/jacob/MTRN4231/lab1_workspace/build/cpp_pubsub/CMakeFiles/CMakeOutput.log".
[26.699s] Invoked command in '/home/jacob/MTRN4231/lab1_workspace/build/cpp_pubsub' returned '1': /usr/bin/cmake /home/jacob/MTRN4231/lab1_workspace/src/cpp_pubsub -DCMAKE_INSTALL_PREFIX=/home/jacob/MTRN4231/lab1_workspace/install/cpp_pubsub
